// Jest Snapshot v1, https://goo.gl/fbAQLP

exports[`render a View 1`] = `
<body>
  <div>
    <div
      class="css-view-175oi2r"
    />
  </div>
</body>
`;
