// Jest Snapshot v1, https://goo.gl/fbAQLP

exports[`custom component 1`] = `<View />`;
